// Jest Snapshot v1, https://goo.gl/fbAQLP

exports[`<Input /> should match snapshot 1`] = `
.c0 {
  display: block;
  width: 100%;
  height: 2.5rem;
  padding: 6px 12px;
  line-height: 1.5;
  color: black;
  background-color: #fff;
  background-clip: padding-box;
  border: 1px solid #ccc;
}

.c0:focus-visible {
  outline: unset;
}

<input
  class="c0"
  placeholder="searchP"
  type="text"
  value=""
/>
`;
